border_size=1
usage=map

Ms          , Aa          , Ms          , Ha          , Ha          , Aa^Fma      , Aa^Fma      , Aa          , Aa^Fma      , Aa          , Aa^Fma      , Aa          , Aa^Fma      , Aa          , Ha          , Ms          , Ha          , Aa          , Aa          , Ha^Fda      , Ha^Fda      , Aa          , Aa          , Aa          , Rb          , Ha          , Ha          
Ms          , Ms          , Ai          , Ha          , Ha^Fda      , Cea         , Rb          , Aa^Fma      , Aa^Fda      , Aa^Fda      , Aa^Fda      , Aa^Fma      , Aa^Fma      , Aa          , Aa^Fma      , Ha          , Aa          , Ha          , Aa          , Ha^Fda      , Aa          , Aa          , Aa^Fda      , Aa^Vla      , 5 Rb        , Ms          , Ms          
Ms          , Wwg         , Sm          , Wwrg        , Aa^Fda      , Aa^Fda      , Rb          , Sm          , Rb^Es       , Aa^Fma      , Rb          , Sm          , Rb          , Aa^Fma      , Aa^Fma      , Aa^Fma      , Aa          , Aa^Vla      , Aa          , Aa          , Rb          , Rb          , Rb^Es       , Rb          , Aa          , Aa^Fda      , Aa          
Ha^Fda      , Ha^Fda      , Rb          , Wwg         , Rb          , Rb          , Aa          , Aa^Es       , Ww          , Sm          , Aa^Fma      , Aa^Fma      , Aa          , Rb          , Rb          , Aa^Fma      , Aa          , Aa          , Rb          , Rb          , Aa          , Aa          , Aa          , Aa          , Aa^Voa      , Aa          , Aa          
Ai          , Ww          , Ww          , Sm          , Ha^Fda      , Cha         , Aa          , Aa^Es       , Wwt         , Wwt         , Ai          , Ai          , Aa^Fda      , Gll         , Gd^Fetd     , Rr          , Rb          , Aa          , Rb          , Rb          , Aa          , Aa          , Aa^Fpa      , Aa          , Aa          , Aa^Esd      , Aa^Es       
Ha^Fpa      , Ai          , Aa          , Ha^Fpa      , Ha^Fpa      , Ha^Fpa      , Aa^Em       , Aa          , Aa          , Ai          , Ai          , Wwt         , Aa          , Rr          , Rb          , Rr          , Rb          , Rb          , Aa          , Aa          , Aa          , Aa          , Aa^Fma      , Aa^Fpa      , Aa^Fda      , Aa^Fda      , Aa^Fma      
Aa          , Ha^Vhha     , Aa^Esd      , Ha^Fpa      , Aa^Fda      , Aa^Fda      , Aa^Fda      , Aa^Fma      , Aa^Fma      , Aa^Fma      , Aa          , Aa          , Aa^Esd      , Rb          , Aa          , Aa^Fda      , Aa^Fda      , Aa^Fda      , Ha          , Ha^Vhha     , Aa^Fda      , Aa          , Aa^Fma      , Ms          , Ms          , Ms          , Ms          
Aa          , Ha^Fpa      , Aa          , Aa^Vca      , Aa          , Aa^Fda      , Aa^Fda      , Ha          , Aa          , Aa          , Aa          , Aa          , Rb          , Rb          , Aa^Fma      , Aa^Fda      , Aa          , Aa^Fda      , Ha^Fda      , Ms          , Ha^Fda      , Aa          , Ha          , Ha          , Ha          , Aa          , Aa          
Rp          , Rp          , Rp          , Rp          , Rp          , Chr         , Aa          , Aa          , Aa          , Aa          , Rb          , Rb          , Rb          , Aa          , Rb          , Aa^Fma      , Aa          , Ha^Fda      , Ha^Fda      , Ha^Fda      , Aa          , Aa          , Aa^Esd      , Aa^Esd      , Aa^Fda      , Aa^Fda      , Aa          
Cha         , 1 Cha       , Cha         , Cha         , Rp          , Rp          , Rp          , Rb          , Rb          , Rb          , Aa          , Rb          , Aa          , Rb          , Rb          , Aa          , Rb          , Aa          , Rb          , Aa          , Aa^Fma      , Aa          , Aa          , Aa          , Aa^Fpa      , Aa^Fda      , Aa          
Cha         , Kha         , Cha         , Cha         , Rp          , Aa^Vha      , Aa^Fma      , Aa^Fma      , Aa          , Aa          , Aa^Esd      , Aa^Fda      , Aa          , Aa          , Aa          , Rb          , Aa          , Rb          , Aa^Fma      , Rb          , 6 Aa^Vca    , Aa^Fma      , Aa          , Aa          , Aa^Fda      , Ms          , Ms          
Rp          , Cha         , Ha^Fpa      , Cha         , 2 Aa        , Rp          , Aa^Vla      , Aa^Fma      , Aa^Fma      , Ha^Fda      , Ms          , Ha^Fda      , Ha^Fma      , Aa^Fda      , Aa          , Rb          , Aa^Vca      , Aa          , Aa          , Aa          , Aa          , Aa          , Aa          , Aa^Fda      , Aa          , Ms          , Aa^Fpa      
Aa          , Ha^Fpa      , Ha^Fpa      , Aa          , Aa          , Aa          , Aa          , Aa          , Aa^Fma      , Ms          , Ha^Fma      , Ha^Fma      , Ha^Fma      , Aa          , Aa          , Aa          , Aa          , Aa          , Aa          , Aa          , Aa          , Aa          , Aa          , Aa          , Aa^Fpa      , Aa^Fpa      , Aa^Fpa      
